<?xml version="1.0" encoding="UTF-8"?>
<testsuites name="jest tests" tests="5" failures="0" errors="0" time="1.813">
  <testsuite name="undefined" errors="0" failures="0" skipped="0" timestamp="2020-12-20T11:19:21" time="0.53" tests="4">
    <testcase classname=" validate credit card Visa with 16 digits" name=" validate credit card Visa with 16 digits" time="0.002">
    </testcase>
    <testcase classname=" invalidate credit card" name=" invalidate credit card" time="0.001">
    </testcase>
    <testcase classname=" validate expiry of the credit card" name=" validate expiry of the credit card" time="0">
    </testcase>
    <testcase classname=" invalidate expiry of the credit card" name=" invalidate expiry of the credit card" time="0.001">
    </testcase>
  </testsuite>
  <testsuite name="undefined" errors="0" failures="0" skipped="0" timestamp="2020-12-20T11:19:21" time="0.899" tests="1">
    <testcase classname=" renders learn buttom label" name=" renders learn buttom label" time="0.039">
    </testcase>
  </testsuite>
</testsuites>